[debug] [(test₂, #[(builder apply)]), (test₁, #[(builder tactic)])]
